// Jest Snapshot v1, https://goo.gl/fbAQLP

exports[`Loading renders without crashing 1`] = `
.c0 {
  color: inherit;
  display: inline-block;
  position: absolute;
}

.c1 {
  color: inherit;
}

.c1 div {
  color: inherit;
}

.c1 > div {
  -webkit-animation: jScOBL 1s 0s infinite linear both;
  animation: jScOBL 1s 0s infinite linear both;
  background-color: currentColor;
  border-radius: 100%;
  display: inline-block;
  height: 15px;
  margin: 2px;
  width: 15px;
}

.c1 > div:nth-child(2n-1) {
  -webkit-animation-delay: -0.6s !important;
  animation-delay: -0.6s !important;
}

<div>
  <div
    class="c0"
    data-testid="loading"
  >
    <div
      class="c1"
    >
      <div />
      <div />
      <div />
    </div>
  </div>
</div>
`;
